base referer
rect /doc/schema-1/characters/continuous/#ContinuousCells 5,677 151,725
rect /doc/schema-1/characters/abstractcharacters/#AbstractCells 22,581 145,629
rect /doc/schema-1/characters/abstractcharacters/#AbstractBlock 116,485 245,533
rect /doc/schema-1/characters/abstractcharacters/#AbstractSeqs 180,581 299,629
rect /doc/schema-1/abstract/#TaxaLinked 139,389 249,437
rect /doc/schema-1/abstract/#IDTagged 348,293 443,341
rect /doc/schema-1/characters/abstractcharacters/#AbstractChar 287,389 408,437
rect /doc/schema-1/abstract/#TaxonLinked 445,389 565,437
rect /doc/schema-1/abstract/#Labelled 566,197 652,245
rect /doc/schema-1/characters/abstractcharacters/#AbstractObs 552,293 666,341
rect /doc/schema-1/abstract/#Annotated 819,101 918,149
rect /doc/schema-1/characters/abstractcharacters/#AbstractFormat 706,197 845,245
rect /doc/schema-1/characters/abstractcharacters/#AbstractObsMatrix 880,197 1045,245
rect /doc/schema-1/characters/abstractcharacters/#AbstractSeqMatrix 1086,197 1249,245
rect /doc/schema-1/meta/annotations/#Base 833,5 905,53
rect /doc/schema-1/characters/continuous/#ContinuousChar 269,485 413,533
rect /doc/schema-1/characters/continuous/#ContinuousFormat 690,293 851,341
rect /doc/schema-1/characters/continuous/#ContinuousMatrixObsRow 381,581 605,629
rect /doc/schema-1/characters/abstractcharacters/#AbstractObsRow 437,485 587,533
rect /doc/schema-1/characters/abstractcharacters/#AbstractSeqRow 647,485 795,533
rect /doc/schema-1/characters/continuous/#ContinuousMatrixSeqRow 629,581 850,629
rect /doc/schema-1/characters/continuous/#ContinuousObs 589,389 727,437
rect /doc/schema-1/characters/continuous/#ContinuousObsMatrix 875,293 1063,341
rect /doc/schema-1/characters/continuous/#ContinuousSeqMatrix 1086,293 1273,341
rect /doc/schema-1/characters/continuous/#ContinuousSeqs 175,677 318,725
