base referer
rect /doc/schema-1/characters/protein/#AAChar 5,485 90,533
rect /doc/schema-1/characters/abstractcharacters/#AbstractChar 71,389 192,437
rect /doc/schema-1/abstract/#IDTagged 662,293 758,341
rect /doc/schema-1/abstract/#TaxonLinked 302,389 423,437
rect /doc/schema-1/characters/abstractcharacters/#AbstractState 579,389 701,437
rect /doc/schema-1/characters/abstractcharacters/#AbstractStates 724,389 854,437
rect /doc/schema-1/abstract/#TaxaLinked 878,389 988,437
rect /doc/schema-1/abstract/#Labelled 935,197 1022,245
rect /doc/schema-1/characters/abstractcharacters/#AbstractObs 924,293 1038,341
rect /doc/schema-1/abstract/#Annotated 1241,101 1340,149
rect /doc/schema-1/characters/abstractcharacters/#AbstractFormat 1045,197 1184,245
rect /doc/schema-1/characters/abstractcharacters/#AbstractObsMatrix 1208,197 1373,245
rect /doc/schema-1/characters/abstractcharacters/#AbstractSeqMatrix 1397,197 1560,245
rect /doc/schema-1/meta/annotations/#Base 1380,5 1452,53
rect /doc/schema-1/characters/abstractcharacters/#AbstractMapping 1465,101 1617,149
rect /doc/schema-1/characters/protein/#AAFormat 1063,293 1165,341
rect /doc/schema-1/characters/protein/#AAMapping 1584,197 1700,245
rect /doc/schema-1/characters/protein/#AAMatrixObsRow 80,581 245,629
rect /doc/schema-1/characters/abstractcharacters/#AbstractObsRow 114,485 264,533
rect /doc/schema-1/characters/abstractcharacters/#AbstractSeqRow 288,485 436,533
rect /doc/schema-1/characters/protein/#AAMatrixSeqRow 269,581 431,629
rect /doc/schema-1/characters/protein/#AAObs 1012,389 1091,437
rect /doc/schema-1/characters/protein/#AAObsMatrix 1226,293 1355,341
rect /doc/schema-1/characters/protein/#AAPolymorphicStateSet 474,677 680,725
rect /doc/schema-1/characters/abstractcharacters/#AbstractPolymorphicStateSet 456,581 698,629
rect /doc/schema-1/characters/abstractcharacters/#AbstractUncertainStateSet 465,485 684,533
rect /doc/schema-1/characters/protein/#AAUncertainStateSet 721,581 904,629
rect /doc/schema-1/characters/protein/#AAState 707,485 793,533
rect /doc/schema-1/characters/protein/#AASeqMatrix 1415,293 1542,341
rect /doc/schema-1/characters/protein/#AAStates 817,485 910,533
rect /doc/schema-1/characters/protein/#ProteinCells 936,677 1050,725
rect /doc/schema-1/characters/abstractcharacters/#AbstractCells 931,581 1054,629
rect /doc/schema-1/characters/abstractcharacters/#AbstractBlock 934,485 1063,533
rect /doc/schema-1/characters/abstractcharacters/#AbstractSeqs 1078,581 1198,629
rect /doc/schema-1/characters/protein/#ProteinSeqs 1083,677 1194,725
