base referer
rect /doc/schema-1/characters/dna/#DNAChar 5,485 103,533
rect /doc/schema-1/characters/abstractcharacters/#AbstractChar 82,389 203,437
rect /doc/schema-1/abstract/#IDTagged 688,293 784,341
rect /doc/schema-1/abstract/#TaxonLinked 315,389 436,437
rect /doc/schema-1/characters/abstractcharacters/#AbstractState 603,389 725,437
rect /doc/schema-1/characters/abstractcharacters/#AbstractStates 748,389 878,437
rect /doc/schema-1/abstract/#TaxaLinked 902,389 1012,437
rect /doc/schema-1/abstract/#Labelled 966,197 1052,245
rect /doc/schema-1/characters/abstractcharacters/#AbstractObs 952,293 1066,341
rect /doc/schema-1/abstract/#Annotated 1273,101 1372,149
rect /doc/schema-1/characters/abstractcharacters/#AbstractFormat 1077,197 1216,245
rect /doc/schema-1/characters/abstractcharacters/#AbstractObsMatrix 1240,197 1405,245
rect /doc/schema-1/characters/abstractcharacters/#AbstractSeqMatrix 1429,197 1592,245
rect /doc/schema-1/meta/annotations/#Base 1413,5 1485,53
rect /doc/schema-1/characters/abstractcharacters/#AbstractMapping 1500,101 1652,149
rect /doc/schema-1/characters/dna/#DNAFormat 1090,293 1206,341
rect /doc/schema-1/characters/dna/#DNAMapping 1616,197 1746,245
rect /doc/schema-1/characters/dna/#DNAMatrixObsRow 68,581 246,629
rect /doc/schema-1/characters/abstractcharacters/#AbstractObsRow 127,485 277,533
rect /doc/schema-1/characters/abstractcharacters/#AbstractSeqRow 302,485 450,533
rect /doc/schema-1/characters/dna/#DNAMatrixSeqRow 270,581 446,629
rect /doc/schema-1/characters/dna/#DNAObs 1036,389 1128,437
rect /doc/schema-1/characters/dna/#DNAObsMatrix 1251,293 1394,341
rect /doc/schema-1/characters/dna/#DNAPolymorphicStateSet 482,677 701,725
rect /doc/schema-1/characters/abstractcharacters/#AbstractPolymorphicStateSet 471,581 713,629
rect /doc/schema-1/characters/abstractcharacters/#AbstractUncertainStateSet 475,485 695,533
rect /doc/schema-1/characters/dna/#DNAUncertainStateSet 737,581 934,629
rect /doc/schema-1/characters/dna/#DNAState 718,485 817,533
rect /doc/schema-1/characters/dna/#DNASeqMatrix 1440,293 1581,341
rect /doc/schema-1/characters/dna/#DNAStates 841,485 948,533
rect /doc/schema-1/characters/dna/#DnaCells 980,677 1070,725
rect /doc/schema-1/characters/abstractcharacters/#AbstractCells 964,581 1087,629
rect /doc/schema-1/characters/abstractcharacters/#AbstractBlock 971,485 1100,533
rect /doc/schema-1/characters/abstractcharacters/#AbstractSeqs 1110,581 1230,629
rect /doc/schema-1/characters/dna/#DnaSeqs 1127,677 1214,725
