base referer
rect /doc/schema-1/characters/rna/#RNAChar 5,485 102,533
rect /doc/schema-1/characters/abstractcharacters/#AbstractChar 81,389 202,437
rect /doc/schema-1/abstract/#IDTagged 685,293 780,341
rect /doc/schema-1/abstract/#TaxonLinked 315,389 435,437
rect /doc/schema-1/characters/abstractcharacters/#AbstractState 600,389 721,437
rect /doc/schema-1/characters/abstractcharacters/#AbstractStates 745,389 874,437
rect /doc/schema-1/abstract/#TaxaLinked 899,389 1009,437
rect /doc/schema-1/abstract/#Labelled 963,197 1049,245
rect /doc/schema-1/characters/abstractcharacters/#AbstractObs 949,293 1063,341
rect /doc/schema-1/abstract/#Annotated 1270,101 1369,149
rect /doc/schema-1/characters/abstractcharacters/#AbstractFormat 1074,197 1212,245
rect /doc/schema-1/characters/abstractcharacters/#AbstractObsMatrix 1236,197 1402,245
rect /doc/schema-1/characters/abstractcharacters/#AbstractSeqMatrix 1425,197 1589,245
rect /doc/schema-1/meta/annotations/#Base 1410,5 1482,53
rect /doc/schema-1/characters/abstractcharacters/#AbstractMapping 1497,101 1649,149
rect /doc/schema-1/characters/rna/#RNAFormat 1087,293 1202,341
rect /doc/schema-1/characters/rna/#RNAMapping 1612,197 1741,245
rect /doc/schema-1/characters/rna/#RNAMatrixObsRow 69,581 246,629
rect /doc/schema-1/characters/abstractcharacters/#AbstractObsRow 127,485 277,533
rect /doc/schema-1/characters/abstractcharacters/#AbstractSeqRow 301,485 449,533
rect /doc/schema-1/characters/rna/#RNAMatrixSeqRow 270,581 445,629
rect /doc/schema-1/characters/rna/#RNAObs 1032,389 1123,437
rect /doc/schema-1/characters/rna/#RNAObsMatrix 1248,293 1390,341
rect /doc/schema-1/characters/rna/#RNAPolymorphicStateSet 481,677 699,725
rect /doc/schema-1/characters/abstractcharacters/#AbstractPolymorphicStateSet 469,581 711,629
rect /doc/schema-1/characters/abstractcharacters/#AbstractUncertainStateSet 474,485 693,533
rect /doc/schema-1/characters/rna/#RNAUncertainStateSet 735,581 930,629
rect /doc/schema-1/characters/rna/#RNAState 717,485 815,533
rect /doc/schema-1/characters/rna/#RNASeqMatrix 1437,293 1577,341
rect /doc/schema-1/characters/rna/#RNAStates 839,485 944,533
rect /doc/schema-1/characters/rna/#RnaCells 976,677 1065,725
rect /doc/schema-1/characters/abstractcharacters/#AbstractCells 959,581 1082,629
rect /doc/schema-1/characters/abstractcharacters/#AbstractBlock 968,485 1097,533
rect /doc/schema-1/characters/abstractcharacters/#AbstractSeqs 1106,581 1226,629
rect /doc/schema-1/characters/rna/#RnaSeqs 1123,677 1209,725
