base referer
rect /doc/schema-1/characters/abstractcharacters/#AbstractBlock 74,485 203,533
rect /doc/schema-1/characters/abstractcharacters/#AbstractCells 5,581 128,629
rect /doc/schema-1/characters/abstractcharacters/#AbstractSeqs 152,581 272,629
rect /doc/schema-1/abstract/#TaxaLinked 97,389 207,437
rect /doc/schema-1/abstract/#IDTagged 415,293 511,341
rect /doc/schema-1/characters/abstractcharacters/#AbstractChar 257,389 378,437
rect /doc/schema-1/abstract/#TaxonLinked 403,389 523,437
rect /doc/schema-1/characters/abstractcharacters/#AbstractState 547,389 669,437
rect /doc/schema-1/characters/abstractcharacters/#AbstractStates 693,389 822,437
rect /doc/schema-1/abstract/#Labelled 483,197 570,245
rect /doc/schema-1/characters/abstractcharacters/#AbstractObs 535,293 649,341
rect /doc/schema-1/abstract/#Annotated 701,101 800,149
rect /doc/schema-1/characters/abstractcharacters/#AbstractFormat 594,197 732,245
rect /doc/schema-1/characters/abstractcharacters/#AbstractObsMatrix 756,197 922,245
rect /doc/schema-1/characters/abstractcharacters/#AbstractSeqMatrix 945,197 1108,245
rect /doc/schema-1/meta/annotations/#Base 789,5 861,53
rect /doc/schema-1/characters/abstractcharacters/#AbstractMapping 824,101 976,149
rect /doc/schema-1/characters/abstractcharacters/#AbstractObsRow 228,485 378,533
rect /doc/schema-1/characters/abstractcharacters/#AbstractSeqRow 402,485 550,533
rect /doc/schema-1/characters/abstractcharacters/#AbstractPolymorphicStateSet 563,581 805,629
rect /doc/schema-1/characters/abstractcharacters/#AbstractUncertainStateSet 574,485 794,533
