base referer
rect /doc/schema-1/characters/restriction/#RestrictionCells 5,677 147,725
rect /doc/schema-1/characters/abstractcharacters/#AbstractCells 19,581 142,629
rect /doc/schema-1/characters/abstractcharacters/#AbstractBlock 120,485 249,533
rect /doc/schema-1/characters/abstractcharacters/#AbstractSeqs 175,581 295,629
rect /doc/schema-1/abstract/#TaxaLinked 188,389 298,437
rect /doc/schema-1/abstract/#IDTagged 623,293 719,341
rect /doc/schema-1/characters/abstractcharacters/#AbstractChar 381,389 502,437
rect /doc/schema-1/abstract/#TaxonLinked 539,389 659,437
rect /doc/schema-1/characters/abstractcharacters/#AbstractState 683,389 805,437
rect /doc/schema-1/characters/abstractcharacters/#AbstractStates 829,389 958,437
rect /doc/schema-1/abstract/#Labelled 917,197 1003,245
rect /doc/schema-1/characters/abstractcharacters/#AbstractObs 903,293 1017,341
rect /doc/schema-1/abstract/#Annotated 1167,101 1266,149
rect /doc/schema-1/characters/abstractcharacters/#AbstractFormat 1055,197 1193,245
rect /doc/schema-1/characters/abstractcharacters/#AbstractObsMatrix 1227,197 1392,245
rect /doc/schema-1/characters/abstractcharacters/#AbstractSeqMatrix 1429,197 1592,245
rect /doc/schema-1/meta/annotations/#Base 1180,5 1252,53
rect /doc/schema-1/characters/restriction/#RestrictionChar 273,485 413,533
rect /doc/schema-1/characters/restriction/#RestrictionFormat 1042,293 1199,341
rect /doc/schema-1/characters/restriction/#RestrictionMatrixObsRow 368,581 587,629
rect /doc/schema-1/characters/abstractcharacters/#AbstractObsRow 437,485 587,533
rect /doc/schema-1/characters/abstractcharacters/#AbstractSeqRow 612,485 759,533
rect /doc/schema-1/characters/restriction/#RestrictionMatrixSeqRow 611,581 829,629
rect /doc/schema-1/characters/restriction/#RestrictionObs 981,389 1115,437
rect /doc/schema-1/characters/restriction/#RestrictionObsMatrix 1223,293 1407,341
rect /doc/schema-1/characters/restriction/#RestrictionSeqMatrix 1430,293 1613,341
rect /doc/schema-1/characters/restriction/#RestrictionSeqs 171,677 309,725
rect /doc/schema-1/characters/restriction/#RestrictionState 783,485 924,533
rect /doc/schema-1/characters/restriction/#RestrictionStates 948,485 1095,533
