base referer
rect /doc/schema-1/characters/standard/#StandardCells 5,677 131,725
rect /doc/schema-1/characters/abstractcharacters/#AbstractCells 7,581 130,629
rect /doc/schema-1/characters/abstractcharacters/#AbstractBlock 122,485 252,533
rect /doc/schema-1/characters/abstractcharacters/#AbstractSeqs 155,581 275,629
rect /doc/schema-1/abstract/#TaxaLinked 183,389 293,437
rect /doc/schema-1/abstract/#IDTagged 713,293 808,341
rect /doc/schema-1/characters/abstractcharacters/#AbstractChar 417,389 538,437
rect /doc/schema-1/abstract/#TaxonLinked 612,389 733,437
rect /doc/schema-1/characters/abstractcharacters/#AbstractState 787,389 909,437
rect /doc/schema-1/characters/abstractcharacters/#AbstractStates 933,389 1062,437
rect /doc/schema-1/abstract/#Labelled 1002,197 1089,245
rect /doc/schema-1/characters/abstractcharacters/#AbstractObs 988,293 1103,341
rect /doc/schema-1/abstract/#Annotated 1325,101 1425,149
rect /doc/schema-1/characters/abstractcharacters/#AbstractFormat 1128,197 1267,245
rect /doc/schema-1/characters/abstractcharacters/#AbstractObsMatrix 1292,197 1458,245
rect /doc/schema-1/characters/abstractcharacters/#AbstractSeqMatrix 1481,197 1645,245
rect /doc/schema-1/meta/annotations/#Base 1468,5 1540,53
rect /doc/schema-1/characters/abstractcharacters/#AbstractMapping 1559,101 1711,149
rect /doc/schema-1/characters/standard/#StandardChar 276,485 400,533
rect /doc/schema-1/characters/standard/#StandardFormat 1127,293 1269,341
rect /doc/schema-1/characters/standard/#StandardMapping 1668,197 1823,245
rect /doc/schema-1/characters/standard/#StandardMatrixObsRow 325,581 529,629
rect /doc/schema-1/characters/abstractcharacters/#AbstractObsRow 424,485 574,533
rect /doc/schema-1/characters/abstractcharacters/#AbstractSeqRow 598,485 746,533
rect /doc/schema-1/characters/standard/#StandardMatrixSeqRow 553,581 755,629
rect /doc/schema-1/characters/standard/#StandardObs 1087,389 1205,437
rect /doc/schema-1/characters/standard/#StandardObsMatrix 1292,293 1461,341
rect /doc/schema-1/characters/standard/#StandardPolymorphicStateSet 776,677 1022,725
rect /doc/schema-1/characters/abstractcharacters/#AbstractPolymorphicStateSet 778,581 1020,629
rect /doc/schema-1/characters/abstractcharacters/#AbstractUncertainStateSet 771,485 990,533
rect /doc/schema-1/characters/standard/#StandardUncertainStateSet 1044,581 1266,629
rect /doc/schema-1/characters/standard/#StandardState 1014,485 1139,533
rect /doc/schema-1/characters/standard/#StandardSeqMatrix 1485,293 1652,341
rect /doc/schema-1/characters/standard/#StandardSeqs 155,677 278,725
rect /doc/schema-1/characters/standard/#StandardStates 1162,485 1295,533
